// Jest Snapshot v1, https://goo.gl/fbAQLP

exports[`SidebarComponent Если компонент загрузился, то все элементы отрисовались 1`] = `
<div
  id="root0"
>
  <app-sidebar
    automation-id="sidebar"
  >
    <ul
      class="list"
    >
      
      <li
        class="item"
      >
        <a
          class="link"
          href="/add-word"
        >
          Добавить слово
        </a>
      </li>
    </ul>
  </app-sidebar>
</div>
`;
