// Jest Snapshot v1, https://goo.gl/fbAQLP

exports[`LoginComponent - компонент входа в приложение Если компонент загрузился, то все элементы отрисовались 1`] = `
<div
  id="root0"
>
  <form
    automation-id="form"
    class="form ng-untouched ng-pristine ng-invalid"
    novalidate=""
  >
    <h2
      class="form-title"
    >
       Войти в тренажер 
    </h2>
    <div
      class="form-content"
    >
      <div
        class="form-row"
      >
        <mat-form-field
          class="form-field"
        >
          <mat-label>
            E-mail
          </mat-label>
          <input
            automation-id="email-input"
            class="ng-untouched ng-pristine ng-invalid"
            matinput=""
            placeholder="Введите e-mail"
          />
          <app-form-control-error
            class="form-error"
          />
        </mat-form-field>
      </div>
      <div
        class="form-row"
      >
        <mat-form-field
          class="form-field"
        >
          <mat-label>
            Пароль
          </mat-label>
          <input
            automation-id="password-input"
            class="ng-untouched ng-pristine ng-invalid"
            matinput=""
            placeholder="Введите пароль"
            type="password"
          />
          <app-form-control-error
            class="form-error"
          />
        </mat-form-field>
      </div>
      <div
        class="form-row form-row_actions"
      >
        <button
          automation-id="submit-button"
          class="button"
          color="primary"
          mat-raised-button=""
          type="submit"
        >
           Войти 
        </button>
      </div>
    </div>
  </form>
</div>
`;
